2026-02-06 12:00:00 INFO Esto es una línea de prueba
2026-02-06 12:01:00 ERROR Esto es un error de prueba